============================= test session starts =============================
platform win32 -- Python 3.11.7, pytest-8.3.4, pluggy-1.6.0 -- C:\Users\shres\Desktop\zorvyn_system_design\.venv\Scripts\python.exe
cachedir: .pytest_cache
rootdir: C:\Users\shres\Desktop\zorvyn_system_design
plugins: anyio-4.13.0
collecting ... collected 0 items / 1 error

=================================== ERRORS ====================================
____________________ ERROR collecting tests/test_smoke.py _____________________
ImportError while importing test module 'C:\Users\shres\Desktop\zorvyn_system_design\tests\test_smoke.py'.
Hint: make sure your test modules/packages have valid Python names.
Traceback:
.venv\Lib\site-packages\_pytest\python.py:493: in importtestmodule
    mod = import_path(
.venv\Lib\site-packages\_pytest\pathlib.py:587: in import_path
    importlib.import_module(module_name)
..\..\AppData\Local\Programs\Python\Python311\Lib\importlib\__init__.py:126: in import_module
    return _bootstrap._gcd_import(name[level:], package, level)
<frozen importlib._bootstrap>:1204: in _gcd_import
    ???
<frozen importlib._bootstrap>:1176: in _find_and_load
    ???
<frozen importlib._bootstrap>:1147: in _find_and_load_unlocked
    ???
<frozen importlib._bootstrap>:690: in _load_unlocked
    ???
.venv\Lib\site-packages\_pytest\assertion\rewrite.py:184: in exec_module
    exec(co, module.__dict__)
tests\test_smoke.py:6: in <module>
    from src.main import app
src\main.py:11: in <module>
    from src.routes.index import api_router
src\routes\index.py:2: in <module>
    from src.routes.auth_route import router as auth_router
src\routes\auth_route.py:5: in <module>
    from src.main import limiter
E   ImportError: cannot import name 'limiter' from partially initialized module 'src.main' (most likely due to a circular import) (C:\Users\shres\Desktop\zorvyn_system_design\src\main.py)
=========================== short test summary info ===========================
ERROR tests/test_smoke.py
!!!!!!!!!!!!!!!!!!! Interrupted: 1 error during collection !!!!!!!!!!!!!!!!!!!!
============================== 1 error in 1.14s ===============================
